ImageDestroy
ImageFilledRectangle
ImageJPEG
Memcached
OCIcommit
OCIrollback
XML_RPC_Message
XML_RPC_Response
XML_RPC_Values
abs
accept_charset
accept_lang
add
addArray
addParam
addServer
add_data
addcslashes
addslashes
agent_string
apache_request_headers
apc_cache_info
apc_clear_cache
apc_delete
apc_fetch
apc_store
append_output
array_change_key_case
array_diff
array_flip
array_key_exists
array_keys
array_map
array_merge
array_pop
array_rand
array_reverse
array_search
array_shift
array_slice
array_splice
array_unique
array_unshift
array_values
array_walk
attach
autoinit
base64_decode
base64_encode
basename
bcc
benchmark
bin2hex
bindec
cache_info
cache_off
cachedir
call_user_func
call_user_func_array
cc
ceil
chdir
chmod
chr
chunk_split
class_exists
clean
clean_string
close
closedir
config
cookie
copy
cos
count
crc32
csrf_verify
current
data
database
date
db
db_debug
dbdriver
dbprefix
debug_backtrace
decbin
dechex
decode
def
default
define
defined
delete_all
delete_files
dirname
display_error
display_errors
do_hash
do_upload
each
elapsed_time
encode
encrypt
end
error
error_reporting
error_string
escape
explode
extension_loaded
extract
faultCode
faultString
fclose
feof
fetch_class
fetch_directory
fetch_method
fgets
file_exists
file_get_contents
filemtime
fileperms
filesize
flags
flock
floor
flush
fmod
fopen
force_download
fputs
fread
from
fsockopen
ftp_chdir
ftp_chmod
ftp_close
ftp_connect
ftp_delete
ftp_get
ftp_login
ftp_mkdir
ftp_nlist
ftp_pasv
ftp_put
ftp_rename
ftp_rmdir
function_exists
fwrite
generate
get
getStats
get_class
get_class_methods
get_csrf_hash
get_csrf_token_name
get_dir_file_info
get_html_translation_table
get_instance
get_magic_quotes_gpc
get_metadata
get_object_vars
get_package_paths
get_request_header
get_zip
getdate
getenv
getimagesize
gettype
gmdate
gzcompress
gzencode
header
helper
hexdec
highlight_code
html_entity_decode
htmlspecialchars
iconv
imagecolorallocate
imagecreate
imagecreatetruecolor
imageline
imagerectangle
imagestring
imagettftext
implode
in_array
index
ini_get
ini_set
initialize
input
ins_id
insert_string
ip_address
is_ajax_request
is_array
is_bool
is_callable
is_cli_request
is_dir
is_executable
is_file
is_int
is_null
is_numeric
is_object
is_readable
is_referral
is_resource
is_scalar
is_string
is_subclass_of
is_supported
is_uploaded_file
is_writable
item
key
kindOf
ksort
lang
language
last_id
library
line
list_fields
list_tables
load
log_exception
ltrim
mail
mark
marker
max_length
mb_convert_encoding
mb_internal_encoding
mb_strlen
mcrypt_create_iv
mcrypt_decrypt
mcrypt_encrypt
mcrypt_get_iv_size
md5
me
memory_get_usage
message
method_exists
method_name
mhash
microtime
mkdir
mktime
move_uploaded_file
mssql_close
mssql_connect
mssql_data_seek
mssql_fetch_assoc
mssql_fetch_field
mssql_fetch_object
mssql_free_result
mssql_get_last_message
mssql_num_fields
mssql_num_rows
mssql_pconnect
mssql_query
mssql_rows_affected
mssql_select_db
mt_getrandmax
mt_rand
mt_srand
mysql_affected_rows
mysql_close
mysql_connect
mysql_data_seek
mysql_errno
mysql_error
mysql_escape_string
mysql_fetch_assoc
mysql_fetch_field
mysql_fetch_object
mysql_field_type
mysql_free_result
mysql_insert_id
mysql_num_fields
mysql_num_rows
mysql_pconnect
mysql_ping
mysql_query
mysql_real_escape_string
mysql_select_db
mysqli_affected_rows
mysqli_close
mysqli_connect
mysqli_data_seek
mysqli_errno
mysqli_error
mysqli_fetch_assoc
mysqli_fetch_field
mysqli_fetch_object
mysqli_free_result
mysqli_insert_id
mysqli_num_fields
mysqli_num_rows
mysqli_ping
mysqli_query
mysqli_real_escape_string
mysqli_select_db
name
next
nl2br
num_rows
number_format
numrows
ob_end_clean
ob_end_flush
ob_get_contents
ob_get_level
ob_start
oci_fetch_object
ocibindbyname
ocicolumnname
ocicolumnsize
ocicolumntype
ocierror
ociexecute
ocifetchinto
ocifreestatement
ocilogoff
ocilogon
ocinewcursor
ocinumcols
ociparse
ociplogon
ocirowcount
ociserverversion
ocisetprefetch
odbc_autocommit
odbc_close
odbc_commit
odbc_connect
odbc_error
odbc_errormsg
odbc_exec
odbc_fetch_array
odbc_fetch_into
odbc_fetch_object
odbc_field_len
odbc_field_name
odbc_field_type
odbc_free_result
odbc_insert_id
odbc_num_fields
odbc_num_rows
odbc_pconnect
odbc_rollback
opendir
ord
output
output_parameters
pack
params
parent
parse
parse_str
parse_url
pathinfo
pclose
pg_affected_rows
pg_close
pg_connect
pg_escape_string
pg_exec
pg_fetch_assoc
pg_fetch_object
pg_field_name
pg_field_size
pg_field_type
pg_free_result
pg_last_error
pg_last_oid
pg_num_fields
pg_num_rows
pg_pconnect
pg_ping
pg_query
pg_result_seek
php_sapi_name
phpversion
popen
preg_match
preg_match_all
preg_quote
preg_replace
preg_replace_callback
preg_split
prepare_response
primary_key
print_debugger
print_r
profiler
queries
query
query_times
rand
rawurldecode
rawurlencode
read
read_file
readdir
realpath
referrer
reset
result_array
result_id
result_object
rmdir
round
router
routes
row
rsegments
rtrim
run
ruri_string
sanitize_filename
save
scalarval
security
segment
segments
self
send
seq
serialize
session
set_allowed_types
set_alt_message
set_crlf
set_error_handler
set_magic_quotes_runtime
set_mailtype
set_max_filename
set_max_filesize
set_max_height
set_max_width
set_newline
set_priority
set_protocol
set_sections
set_time_limit
set_upload_path
set_userdata
set_wordwrap
set_xss_clean
setcookie
settype
sha1
show_php_error
sin
site_url
slash_item
sort
sprintf
sqlite_changes
sqlite_close
sqlite_error_string
sqlite_escape_string
sqlite_fetch_array
sqlite_fetch_object
sqlite_field_name
sqlite_last_error
sqlite_last_insert_rowid
sqlite_libversion
sqlite_num_fields
sqlite_num_rows
sqlite_open
sqlite_popen
sqlite_query
sqlite_seek
srand
stdClass
str_repeat
str_replace
strip_slashes
strip_tags
stripslashes
stristr
strlen
strncasecmp
strncmp
strpos
strrchr
strrpos
strstr
strtolower
strtoupper
strtr
subject
substr
table_exists
time
to
trim
type
typography
ucfirst
ucwords
uniqid
unlink
unserialize
unset_userdata
update
update_string
uri
uri_string
user_agent
user_data
userdata
value
vars
version_compare
view
where
write
write_file
write_log
xh
xml_convert
xml_error_string
xml_get_current_line_number
xml_get_error_code
xml_parse
xml_parser_create
xml_parser_free
xml_parser_set_option
xml_set_character_data_handler
xml_set_element_handler
xml_set_object
xss_clean
zip
